Microchip MPLAB XC8 Compiler V1.40 ()

Linker command line:

--edf=C:\Program Files (x86)\Microchip\xc8\v1.40\dat\en_msgs.txt -cs \
  -h+dist/default/production\FloppyControl.production.sym \
  --cmf=dist/default/production\FloppyControl.production.cmf -z -Q16F1938 \
  -oC:\Users\Josha\AppData\Local\Temp\s6vlg.2 \
  -Mdist/default/production/FloppyControl.production.map -E1 -ver=XC8 \
  -ASTACK=02018h-022efh -pstack=STACK -ACODE=00h-07FFhx8 \
  -ASTRCODE=00h-03FFFh -ASTRING=00h-0FFhx64 -ACONST=00h-0FFhx64 \
  -AENTRY=00h-0FFhx64 -ACOMMON=070h-07Fh -ABANK0=020h-06Fh \
  -ABANK1=0A0h-0EFh -ABANK2=0120h-016Fh -ABANK3=01A0h-01EFh \
  -ABANK4=0220h-026Fh -ABANK5=02A0h-02EFh -ABANK6=0320h-036Fh \
  -ABANK7=03A0h-03EFh -ABANK8=0420h-046Fh -ABANK9=04A0h-04EFh \
  -ABANK10=0520h-056Fh -ABANK11=05A0h-05EFh -ABANK12=0620h-064Fh \
  -ABIGRAM=02000h-023EFh \
  -ARAM=020h-06Fh,0A0h-0EFh,0120h-016Fh,01A0h-01EFh,0220h-026Fh,02A0h-02EFh,0320h-036Fh,03A0h-03EFh,0420h-046Fh,04A0h-04EFh,0520h-056Fh,05A0h-05EFh,0620h-064Fh \
  -AABS1=020h-07Fh,0A0h-0EFh,0120h-016Fh,01A0h-01EFh,0220h-026Fh,02A0h-02EFh,0320h-036Fh,03A0h-03EFh,0420h-046Fh,04A0h-04EFh,0520h-056Fh,05A0h-05EFh,0620h-064Fh \
  -ASFR0=00h-01Fh -ASFR1=080h-09Fh -ASFR2=0100h-011Fh -ASFR3=0180h-019Fh \
  -ASFR4=0200h-021Fh -ASFR5=0280h-029Fh -ASFR6=0300h-031Fh \
  -ASFR7=0380h-039Fh -ASFR8=0400h-041Fh -ASFR9=0480h-049Fh \
  -ASFR10=0500h-051Fh -ASFR11=0580h-059Fh -ASFR12=0600h-061Fh \
  -ASFR13=0680h-06EFh -ASFR14=0700h-076Fh -ASFR15=0780h-07EFh \
  -ASFR16=0800h-086Fh -ASFR17=0880h-08EFh -ASFR18=0900h-096Fh \
  -ASFR19=0980h-09EFh -ASFR20=0A00h-0A6Fh -ASFR21=0A80h-0AEFh \
  -ASFR22=0B00h-0B6Fh -ASFR23=0B80h-0BEFh -ASFR24=0C00h-0C6Fh \
  -ASFR25=0C80h-0CEFh -ASFR26=0D00h-0D6Fh -ASFR27=0D80h-0DEFh \
  -ASFR28=0E00h-0E6Fh -ASFR29=0E80h-0EEFh -ASFR30=0F00h-0F6Fh \
  -ASFR31=0F80h-0FEFh -preset_vec=00h,intentry=04h,init,end_init \
  -ppowerup=CODE -pcinit=CODE -pfunctab=CODE -ACONFIG=08007h-08008h \
  -pconfig=CONFIG -DCONFIG=2 -AIDLOC=08000h-08003h -pidloc=IDLOC -DIDLOC=2 \
  -AEEDATA=00h-0FFh/0F000h -peeprom_data=EEDATA -DEEDATA=2 -DCODE=2 \
  -DSTRCODE=2 -DSTRING=2 -DCONST=2 -DENTRY=2 -k \
  C:\Users\Josha\AppData\Local\Temp\s6vlg.obj \
  dist/default/production\FloppyControl.production.obj 

Object code version is 3.11

Machine type is 16F1938



                Name                               Link     Load   Length Selector   Space Scale
C:\Users\Josha\AppData\Local\Temp\s6vlg.obj
                end_init                             2E       2E        2        8       0
                reset_vec                             0        0        2        0       0
                config                             8007     8007        2    1000E       0
dist/default/production\FloppyControl.production.obj
                cinit                                30       30       BE        8       0
                intentry                              4        4       2A        8       0
                swtext1                             348      348       9C      690       0
                text5                                EE       EE      25A        8       0
                cstackBANK0                          2E       2E        9       20       1
                cstackCOMMON                         70       70        E       70       1
                clrtext                             425      425        C      84A       0
                dataBANK0                            37       37        1       20       1
                bssBANK0                             20       20        E       20       1
                stringtext                          3E4      3E4       41      7C8       0

TOTAL           Name                               Link     Load   Length     Space
        CLASS   STACK          

        CLASS   CODE           
                end_init                             2E       2E        2         0
                cinit                                30       30       BE         0
                intentry                              4        4       2A         0
                reset_vec                             0        0        2         0
                text5                                EE       EE      25A         0
                clrtext                             425      425        C         0

        CLASS   STRCODE        
                stringtext                          3E4      3E4       41         0

        CLASS   STRING         

        CLASS   CONST          
                swtext1                             348      348       9C         0

        CLASS   ENTRY          

        CLASS   COMMON         
                cstackCOMMON                         70       70        E         1

        CLASS   BANK0          
                cstackBANK0                          2E       2E        9         1
                dataBANK0                            37       37        1         1
                bssBANK0                             20       20        E         1

        CLASS   BANK1          

        CLASS   BANK2          

        CLASS   BANK3          

        CLASS   BANK4          

        CLASS   BANK5          

        CLASS   BANK6          

        CLASS   BANK7          

        CLASS   BANK8          

        CLASS   BANK9          

        CLASS   BANK10         

        CLASS   BANK11         

        CLASS   BANK12         

        CLASS   BIGRAM         

        CLASS   RAM            

        CLASS   ABS1           
                abs_s1                               7E       7E        2         1
                abs_s1                              4C0      4C0       30         1
                abs_s1                              520      520       50         1
                abs_s1                              5A0      5A0       50         1
                abs_s1                              620      620       30         1
                abs_s1                             22F0     22F0        0         1

        CLASS   SFR0           

        CLASS   SFR1           

        CLASS   SFR2           

        CLASS   SFR3           

        CLASS   SFR4           

        CLASS   SFR5           

        CLASS   SFR6           

        CLASS   SFR7           

        CLASS   SFR8           

        CLASS   SFR9           

        CLASS   SFR10          

        CLASS   SFR11          

        CLASS   SFR12          

        CLASS   SFR13          

        CLASS   SFR14          

        CLASS   SFR15          

        CLASS   SFR16          

        CLASS   SFR17          

        CLASS   SFR18          

        CLASS   SFR19          

        CLASS   SFR20          

        CLASS   SFR21          

        CLASS   SFR22          

        CLASS   SFR23          

        CLASS   SFR24          

        CLASS   SFR25          

        CLASS   SFR26          

        CLASS   SFR27          

        CLASS   SFR28          

        CLASS   SFR29          

        CLASS   SFR30          

        CLASS   SFR31          

        CLASS   CONFIG         
                config                             8007     8007        2         0

        CLASS   IDLOC          

        CLASS   EEDATA         

        CLASS   BANK31         

        CLASS   BANK30         

        CLASS   BANK29         

        CLASS   BANK28         

        CLASS   BANK27         

        CLASS   BANK26         

        CLASS   BANK25         

        CLASS   BANK24         

        CLASS   BANK23         

        CLASS   BANK22         

        CLASS   BANK21         

        CLASS   BANK20         

        CLASS   BANK19         

        CLASS   BANK18         

        CLASS   BANK17         

        CLASS   BANK16         

        CLASS   BANK15         

        CLASS   BANK14         

        CLASS   BANK13         



SEGMENTS        Name                           Load    Length   Top    Selector   Space  Class     Delta

                reset_vec                      000000  000002  000002         0       0  CODE        2
                intentry                       000004  000344  000348         8       0  CODE        2
                bssBANK0                       000020  000018  000038        20       1  BANK0       1
                cstackCOMMON                   000070  00000E  00007E        70       1  COMMON      1
                swtext1                        000348  00009C  0003E4       690       0  CONST       2
                stringtext                     0003E4  000041  000425       7C8       0  STRCODE     2
                clrtext                        000425  00000C  000431       84A       0  CODE        2
                config                         008007  000002  008009     1000E       0  CONFIG      2


UNUSED ADDRESS RANGES

        Name                Unused          Largest block    Delta
        BANK0            00038-0006F              38           1
        BANK1            000A0-000EF              50           1
        BANK2            00120-0016F              50           1
        BANK3            001A0-001EF              50           1
        BANK4            00220-0026F              50           1
        BANK5            002A0-002EF              50           1
        BANK6            00320-0036F              50           1
        BANK7            003A0-003EF              50           1
        BANK8            00420-0046F              50           1
        BANK9            004A0-004BF              20           1
        BIGRAM           02000-023EF             3F0           1
        CODE             00002-00003               2           2
                         00431-03FFF             800
        CONST            00002-00003               2           2
                         00431-03FFF             100
        EEDATA           0F000-0F0FF             100           2
        ENTRY            00002-00003               2           2
                         00431-03FFF             100
        IDLOC            08000-08003               4           2
        RAM              00038-0006F              38           1
                         000A0-000EF              50
                         00120-0016F              50
                         001A0-001EF              50
                         00220-0026F              50
                         002A0-002EF              50
                         00320-0036F              50
                         003A0-003EF              50
                         00420-0046F              50
                         004A0-004BF              20
        SFR0             00000-0001F              20           1
        SFR1             00080-0009F              20           1
        SFR10            00500-0051F              20           1
        SFR11            00580-0059F              20           1
        SFR12            00600-0061F              20           1
        SFR13            00680-006EF              70           1
        SFR14            00700-0076F              70           1
        SFR15            00780-007EF              70           1
        SFR16            00800-0086F              70           1
        SFR17            00880-008EF              70           1
        SFR18            00900-0096F              70           1
        SFR19            00980-009EF              70           1
        SFR2             00100-0011F              20           1
        SFR20            00A00-00A6F              70           1
        SFR21            00A80-00AEF              70           1
        SFR22            00B00-00B6F              70           1
        SFR23            00B80-00BEF              70           1
        SFR24            00C00-00C6F              70           1
        SFR25            00C80-00CEF              70           1
        SFR26            00D00-00D6F              70           1
        SFR27            00D80-00DEF              70           1
        SFR28            00E00-00E6F              70           1
        SFR29            00E80-00EEF              70           1
        SFR3             00180-0019F              20           1
        SFR30            00F00-00F6F              70           1
        SFR31            00F80-00FEF              70           1
        SFR4             00200-0021F              20           1
        SFR5             00280-0029F              20           1
        SFR6             00300-0031F              20           1
        SFR7             00380-0039F              20           1
        SFR8             00400-0041F              20           1
        SFR9             00480-0049F              20           1
        STACK            02018-022EF             2D8           1
        STRCODE          00002-00003               2           2
                         00431-03FFF            3BCF
        STRING           00002-00003               2           2
                         00431-03FFF             100

                                  Symbol Table

?___awmod                      cstackCOMMON 00070
?_strlen                       cstackBANK0  0002E
?i1_strlen                     cstackCOMMON 00070
_ADCON0                        (abs)        0009D
_ADCON1                        (abs)        0009E
_ANSELA                        (abs)        0018C
_ANSELB                        (abs)        0018D
_BRG16                         (abs)        00CFB
_BRGH                          (abs)        00CF2
_C1ON                          (abs)        0088F
_CCP4CON                       (abs)        0031A
_CCPR4H                        (abs)        00319
_CCPR4L                        (abs)        00318
_CPSCON0                       (abs)        0001E
_CPSON                         (abs)        000F7
_CREN                          (abs)        00CEC
_FVRCON                        (abs)        00117
_GIE                           (abs)        0005F
_INTCON                        (abs)        0000B
_INTE                          (abs)        0005C
_INTEDG                        (abs)        004AE
_IOCBFbits                     (abs)        00396
_IOCBN                         (abs)        00395
_IOCBP                         (abs)        00394
_IOCIE                         (abs)        0005B
_ISR                           intentry     00004
_LATA                          (abs)        0010C
_LATA0                         (abs)        00860
_LATA1                         (abs)        00861
_LATA2                         (abs)        00862
_LATA4                         (abs)        00864
_LATA6                         (abs)        00866
_LATB                          (abs)        0010D
_LATB4                         (abs)        0086C
_LATB5                         (abs)        0086D
_LATC                          (abs)        0010E
_LATC0                         (abs)        00870
_LATC1                         (abs)        00871
_LATC2                         (abs)        00872
_LATC3                         (abs)        00873
_LATC4                         (abs)        00874
_LATC5                         (abs)        00875
_OPTION_REG                    (abs)        00095
_PEIE                          (abs)        0005E
_PIE3bits                      (abs)        00093
_PIR3bits                      (abs)        00013
_PORTBbits                     (abs)        0000D
_RCIE                          (abs)        0048D
_RCIF                          (abs)        0008D
_RCREG                         (abs)        00199
_SPBRGH                        (abs)        0019C
_SPBRGL                        (abs)        0019B
_SPEN                          (abs)        00CEF
_SRLEN                         (abs)        008D7
_SYNC                          (abs)        00CF4
_T1CON                         (abs)        00018
_T1CONbits                     (abs)        00018
_T1GCON                        (abs)        00019
_TMR1H                         (abs)        00017
_TMR1L                         (abs)        00016
_TRISA                         (abs)        0008C
_TRISB                         (abs)        0008D
_TRISC                         (abs)        0008E
_TRMT                          (abs)        00CF1
_TXEN                          (abs)        00CF5
_TXREG                         (abs)        0019A
_WDTCON                        (abs)        00097
_WDTCONbits                    (abs)        00097
_WPUB                          (abs)        0020D
__CFG_BOREN$OFF                (abs)        00000
__CFG_BORV$LO                  (abs)        00000
__CFG_CLKOUTEN$OFF             (abs)        00000
__CFG_CP$OFF                   (abs)        00000
__CFG_CPD$OFF                  (abs)        00000
__CFG_FCMEN$OFF                (abs)        00000
__CFG_FOSC$ECH                 (abs)        00000
__CFG_IESO$OFF                 (abs)        00000
__CFG_LVP$ON                   (abs)        00000
__CFG_MCLRE$OFF                (abs)        00000
__CFG_PLLEN$ON                 (abs)        00000
__CFG_PWRTE$OFF                (abs)        00000
__CFG_STVREN$ON                (abs)        00000
__CFG_WDTE$SWDTEN              (abs)        00000
__CFG_WRT$OFF                  (abs)        00000
__Habs1                        abs1         00000
__Hbank0                       bank0        00000
__Hbank1                       bank1        00000
__Hbank10                      bank10       00000
__Hbank11                      bank11       00000
__Hbank12                      bank12       00000
__Hbank13                      bank13       00000
__Hbank14                      bank14       00000
__Hbank15                      bank15       00000
__Hbank16                      bank16       00000
__Hbank17                      bank17       00000
__Hbank18                      bank18       00000
__Hbank19                      bank19       00000
__Hbank2                       bank2        00000
__Hbank20                      bank20       00000
__Hbank21                      bank21       00000
__Hbank22                      bank22       00000
__Hbank23                      bank23       00000
__Hbank24                      bank24       00000
__Hbank25                      bank25       00000
__Hbank26                      bank26       00000
__Hbank27                      bank27       00000
__Hbank28                      bank28       00000
__Hbank29                      bank29       00000
__Hbank3                       bank3        00000
__Hbank30                      bank30       00000
__Hbank31                      bank31       00000
__Hbank4                       bank4        00000
__Hbank5                       bank5        00000
__Hbank6                       bank6        00000
__Hbank7                       bank7        00000
__Hbank8                       bank8        00000
__Hbank9                       bank9        00000
__Hbigram                      bigram       00000
__HbssBANK0                    bssBANK0     00000
__Hcinit                       cinit        000EE
__Hclrtext                     clrtext      00000
__Hcode                        code         00000
__Hcommon                      common       00000
__Hconfig                      config       08009
__HcstackBANK0                 cstackBANK0  00000
__HcstackCOMMON                cstackCOMMON 00000
__HdataBANK0                   dataBANK0    00000
__Heeprom_data                 eeprom_data  00000
__Hend_init                    end_init     00030
__Hfunctab                     functab      00000
__HidataBANK0                  idataBANK0   00000
__Hidloc                       idloc        00000
__Hinit                        init         0002E
__Hintentry                    intentry     0002E
__Hmaintext                    maintext     00000
__Hpa_nodes                    pa_nodes     00000
__Hpowerup                     powerup      00000
__Hram                         ram          00000
__Hreset_vec                   reset_vec    00002
__Hsfr0                        sfr0         00000
__Hsfr1                        sfr1         00000
__Hsfr10                       sfr10        00000
__Hsfr11                       sfr11        00000
__Hsfr12                       sfr12        00000
__Hsfr13                       sfr13        00000
__Hsfr14                       sfr14        00000
__Hsfr15                       sfr15        00000
__Hsfr16                       sfr16        00000
__Hsfr17                       sfr17        00000
__Hsfr18                       sfr18        00000
__Hsfr19                       sfr19        00000
__Hsfr2                        sfr2         00000
__Hsfr20                       sfr20        00000
__Hsfr21                       sfr21        00000
__Hsfr22                       sfr22        00000
__Hsfr23                       sfr23        00000
__Hsfr24                       sfr24        00000
__Hsfr25                       sfr25        00000
__Hsfr26                       sfr26        00000
__Hsfr27                       sfr27        00000
__Hsfr28                       sfr28        00000
__Hsfr29                       sfr29        00000
__Hsfr3                        sfr3         00000
__Hsfr30                       sfr30        00000
__Hsfr31                       sfr31        00000
__Hsfr4                        sfr4         00000
__Hsfr5                        sfr5         00000
__Hsfr6                        sfr6         00000
__Hsfr7                        sfr7         00000
__Hsfr8                        sfr8         00000
__Hsfr9                        sfr9         00000
__Hspace_0                     (abs)        08009
__Hspace_1                     (abs)        0007E
__Hspace_2                     (abs)        00000
__Hspace_3                     (abs)        00000
__Hstack                       stack        00000
__Hstrings                     strings      00000
__Hstringtext                  stringtext   00000
__Htext                        text         00000
__Labs1                        abs1         00000
__Lbank0                       bank0        00000
__Lbank1                       bank1        00000
__Lbank10                      bank10       00000
__Lbank11                      bank11       00000
__Lbank12                      bank12       00000
__Lbank13                      bank13       00000
__Lbank14                      bank14       00000
__Lbank15                      bank15       00000
__Lbank16                      bank16       00000
__Lbank17                      bank17       00000
__Lbank18                      bank18       00000
__Lbank19                      bank19       00000
__Lbank2                       bank2        00000
__Lbank20                      bank20       00000
__Lbank21                      bank21       00000
__Lbank22                      bank22       00000
__Lbank23                      bank23       00000
__Lbank24                      bank24       00000
__Lbank25                      bank25       00000
__Lbank26                      bank26       00000
__Lbank27                      bank27       00000
__Lbank28                      bank28       00000
__Lbank29                      bank29       00000
__Lbank3                       bank3        00000
__Lbank30                      bank30       00000
__Lbank31                      bank31       00000
__Lbank4                       bank4        00000
__Lbank5                       bank5        00000
__Lbank6                       bank6        00000
__Lbank7                       bank7        00000
__Lbank8                       bank8        00000
__Lbank9                       bank9        00000
__Lbigram                      bigram       00000
__LbssBANK0                    bssBANK0     00000
__Lcinit                       cinit        00030
__Lclrtext                     clrtext      00000
__Lcode                        code         00000
__Lcommon                      common       00000
__Lconfig                      config       08007
__LcstackBANK0                 cstackBANK0  00000
__LcstackCOMMON                cstackCOMMON 00000
__LdataBANK0                   dataBANK0    00000
__Leeprom_data                 eeprom_data  00000
__Lend_init                    end_init     0002E
__Lfunctab                     functab      00000
__LidataBANK0                  idataBANK0   00000
__Lidloc                       idloc        00000
__Linit                        init         0002E
__Lintentry                    intentry     00004
__Lmaintext                    maintext     00000
__Lpa_nodes                    pa_nodes     00000
__Lpowerup                     powerup      00000
__Lram                         ram          00000
__Lreset_vec                   reset_vec    00000
__Lsfr0                        sfr0         00000
__Lsfr1                        sfr1         00000
__Lsfr10                       sfr10        00000
__Lsfr11                       sfr11        00000
__Lsfr12                       sfr12        00000
__Lsfr13                       sfr13        00000
__Lsfr14                       sfr14        00000
__Lsfr15                       sfr15        00000
__Lsfr16                       sfr16        00000
__Lsfr17                       sfr17        00000
__Lsfr18                       sfr18        00000
__Lsfr19                       sfr19        00000
__Lsfr2                        sfr2         00000
__Lsfr20                       sfr20        00000
__Lsfr21                       sfr21        00000
__Lsfr22                       sfr22        00000
__Lsfr23                       sfr23        00000
__Lsfr24                       sfr24        00000
__Lsfr25                       sfr25        00000
__Lsfr26                       sfr26        00000
__Lsfr27                       sfr27        00000
__Lsfr28                       sfr28        00000
__Lsfr29                       sfr29        00000
__Lsfr3                        sfr3         00000
__Lsfr30                       sfr30        00000
__Lsfr31                       sfr31        00000
__Lsfr4                        sfr4         00000
__Lsfr5                        sfr5         00000
__Lsfr6                        sfr6         00000
__Lsfr7                        sfr7         00000
__Lsfr8                        sfr8         00000
__Lsfr9                        sfr9         00000
__Lspace_0                     (abs)        00000
__Lspace_1                     (abs)        00000
__Lspace_2                     (abs)        00000
__Lspace_3                     (abs)        00000
__Lstack                       stack        00000
__Lstrings                     strings      00000
__Lstringtext                  stringtext   00000
__Ltext                        text         00000
__S0                           (abs)        08009
__S1                           (abs)        0007E
__S2                           (abs)        00000
__S3                           (abs)        00000
___awmod                       text5        00210
___awmod@counter               cstackCOMMON 00074
___awmod@dividend              cstackCOMMON 00072
___awmod@divisor               cstackCOMMON 00070
___awmod@sign                  cstackCOMMON 00075
___int_sp                      stack        00000
___latbits                     (abs)        00003
___lbdiv                       text5        001E0
___lbdiv@counter               cstackCOMMON 00072
___lbdiv@dividend              cstackCOMMON 00071
___lbdiv@divisor               cstackCOMMON 00070
___lbdiv@quotient              cstackCOMMON 00073
___lbmod                       text5        001F8
___lbmod@counter               cstackCOMMON 00073
___lbmod@dividend              cstackCOMMON 00072
___lbmod@divisor               cstackCOMMON 00070
___lbmod@rem                   cstackCOMMON 00074
___sp                          stack        00000
__end_of_ISR                   intentry     0002E
__end_of___awmod               text5        00249
__end_of___lbdiv               text5        001F8
__end_of___lbmod               text5        00210
__end_of__initialization       cinit        00046
__end_of_gototrack             text5        00293
__end_of_inctrack              text5        001A9
__end_of_main                  cinit        000B5
__end_of_menu                  text5        0016D
__end_of_numtostr              text5        001E0
__end_of_seektrk00             text5        0030D
__end_of_serialWaitForReady    cinit        000D8
__end_of_setMS                 text5        00348
__end_of_strlen                cinit        000EE
__end_of_txnum                 text5        00197
__end_of_txstring              cinit        000D5
__end_ofi1_serialWaitForReady  text5        0024C
__end_ofi1_strlen              text5        00262
__end_ofi1_txstring            text5        0018C
__initialization               cinit        00030
__pbssBANK0                    bssBANK0     00020
__pbssBIGRAM                   (abs)        022F0
__pcstackBANK0                 cstackBANK0  0002E
__pcstackCOMMON                cstackCOMMON 00070
__pdataBANK0                   dataBANK0    00037
__pidataBANK0                  idataBANK0   00000
__pintentry                    intentry     00004
__pmaintext                    cinit        00049
__pstringtext                  stringtext   003E4
__pswtext1                     swtext1      00348
__ptext1                       cinit        000B5
__ptext10                      text5        001A9
__ptext11                      text5        001F8
__ptext12                      text5        001E0
__ptext13                      text5        00210
__ptext14                      text5        00197
__ptext15                      text5        00262
__ptext16                      text5        00293
__ptext17                      text5        0030D
__ptext2                       cinit        000D8
__ptext3                       cinit        000D5
__ptext5                       text5        000EE
__ptext6                       text5        0018C
__ptext7                       text5        0016D
__ptext8                       text5        0024C
__ptext9                       text5        00249
__size_of_ISR                  (abs)        00000
__size_of___awmod              (abs)        00000
__size_of___lbdiv              (abs)        00000
__size_of___lbmod              (abs)        00000
__size_of_gototrack            (abs)        00000
__size_of_inctrack             (abs)        00000
__size_of_main                 (abs)        00000
__size_of_menu                 (abs)        00000
__size_of_numtostr             (abs)        00000
__size_of_seektrk00            (abs)        00000
__size_of_serialWaitForReady   (abs)        00000
__size_of_setMS                (abs)        00000
__size_of_strlen               (abs)        00000
__size_of_txnum                (abs)        00000
__size_of_txstring             (abs)        00000
__size_ofi1_serialWaitForReady (abs)        00000
__size_ofi1_strlen             (abs)        00000
__size_ofi1_txstring           (abs)        00000
_buf                           bssBANK0     00024
_data                          (abs)        022F0
_datacnt                       bssBANK0     00020
_gototrack                     text5        00262
_inctrack                      text5        00197
_main                          cinit        00049
_menu                          text5        000EE
_microstep                     dataBANK0    00037
_numtostr                      text5        001A9
_recvbuf                       bssBANK0     00021
_recvchar                      bssBANK0     00022
_seektrk00                     text5        00293
_serialWaitForReady            cinit        000D5
_setMS                         text5        0030D
_stop                          bssBANK0     00023
_strlen                        cinit        000D8
_txnum                         text5        0018C
_txstring                      cinit        000B5
btemp                          (abs)        0007E
clear_ram0                     clrtext      00425
end_of_initialization          cinit        00046
gototrack@cnt                  cstackCOMMON 0007A
gototrack@number_of_steps      cstackCOMMON 00078
gototrack@t                    cstackCOMMON 00077
i1_serialWaitForReady          text5        00249
i1_strlen                      text5        0024C
i1_txstring                    text5        0016D
i1strlen@cp                    cstackCOMMON 00073
i1strlen@s                     cstackCOMMON 00070
i1txstring@data                cstackCOMMON 00075
i1txstring@y                   cstackCOMMON 00077
int$flags                      (abs)        0007E
intlevel0                      functab      00000
intlevel1                      functab      00000
intlevel2                      functab      00000
intlevel3                      functab      00000
intlevel4                      functab      00000
intlevel5                      functab      00000
menu@step                      cstackCOMMON 0007D
numtostr@b                     cstackCOMMON 00077
numtostr@n                     cstackCOMMON 00076
reset_vec                      reset_vec    00000
seektrk00@i                    cstackCOMMON 00074
setMS@ms                       cstackCOMMON 00071
stackhi                        (abs)        022EF
stacklo                        (abs)        02018
start                          init         0002E
start_initialization           cinit        00030
strlen@cp                      cstackBANK0  00031
strlen@s                       cstackBANK0  0002E
txnum@n                        cstackCOMMON 00079
txstring@data                  cstackBANK0  00033
txstring@y                     cstackBANK0  00035
wtemp0                         (abs)        0007E


FUNCTION INFORMATION:

 *************** function _main *****************
 Defined at:
		line 128 in file "main.c"
 Parameters:    Size  Location     Type
		None
 Auto vars:     Size  Location     Type
  i               2    0        int 
  voutlsb         2    0        unsigned short 
  voutsp          2    0        unsigned short 
  tempcnt         2    0        short 
  temp            2    0        unsigned short 
  cnt             2    0        short 
  x               1    0        unsigned char 
  q               1    0        unsigned char 
 Return value:  Size  Location     Type
                  1    wreg      void 
 Registers used:
		wreg, fsr0l, fsr0h, status,2, status,0, pclath, cstack
 Tracked objects:
		On entry : 
		On exit  : 
		Unchanged: 
 Data sizes:     COMMON   BANK0   BANK1   BANK2   BANK3   BANK4   BANK5   BANK6   BANK7   BANK8   BANK9  BANK10  BANK11  BANK12
      Params:         0       0       0       0       0       0       0       0       0       0       0       0       0       0
      Locals:         0       0       0       0       0       0       0       0       0       0       0       0       0       0
      Temps:          0       0       0       0       0       0       0       0       0       0       0       0       0       0
      Totals:         0       0       0       0       0       0       0       0       0       0       0       0       0       0
Total ram usage:        0 bytes
 Hardware stack levels required when called:    7
 This function calls:
		_txstring
 This function is called by:
		Startup code after reset
 This function uses a non-reentrant model


 *************** function _txstring *****************
 Defined at:
		line 634 in file "main.c"
 Parameters:    Size  Location     Type
  data            2    5[BANK0 ] PTR const unsigned char 
		 -> buf(10), STR_5(2), STR_4(3), STR_3(29), 
		 -> STR_2(17), STR_1(17), 
 Auto vars:     Size  Location     Type
  y               2    7[BANK0 ] int 
 Return value:  Size  Location     Type
                  1    wreg      void 
 Registers used:
		wreg, fsr0l, fsr0h, status,2, status,0, pclath, cstack
 Tracked objects:
		On entry : 
		On exit  : 
		Unchanged: 
 Data sizes:     COMMON   BANK0   BANK1   BANK2   BANK3   BANK4   BANK5   BANK6   BANK7   BANK8   BANK9  BANK10  BANK11  BANK12
      Params:         0       2       0       0       0       0       0       0       0       0       0       0       0       0
      Locals:         0       2       0       0       0       0       0       0       0       0       0       0       0       0
      Temps:          0       0       0       0       0       0       0       0       0       0       0       0       0       0
      Totals:         0       4       0       0       0       0       0       0       0       0       0       0       0       0
Total ram usage:        4 bytes
 Hardware stack levels used:    1
 Hardware stack levels required when called:    6
 This function calls:
		_serialWaitForReady
		_strlen
 This function is called by:
		_main
 This function uses a non-reentrant model


 *************** function _strlen *****************
 Defined at:
		line 4 in file "C:\Program Files (x86)\Microchip\xc8\v1.40\sources\common\strlen.c"
 Parameters:    Size  Location     Type
  s               2    0[BANK0 ] PTR const unsigned char 
		 -> buf(10), STR_5(2), STR_4(3), STR_3(29), 
		 -> STR_2(17), STR_1(17), 
 Auto vars:     Size  Location     Type
  cp              2    3[BANK0 ] PTR const unsigned char 
		 -> buf(10), STR_5(2), STR_4(3), STR_3(29), 
		 -> STR_2(17), STR_1(17), 
 Return value:  Size  Location     Type
                  2    0[BANK0 ] unsigned int 
 Registers used:
		wreg, fsr0l, fsr0h, status,2, status,0
 Tracked objects:
		On entry : 
		On exit  : 
		Unchanged: 
 Data sizes:     COMMON   BANK0   BANK1   BANK2   BANK3   BANK4   BANK5   BANK6   BANK7   BANK8   BANK9  BANK10  BANK11  BANK12
      Params:         0       2       0       0       0       0       0       0       0       0       0       0       0       0
      Locals:         0       2       0       0       0       0       0       0       0       0       0       0       0       0
      Temps:          0       1       0       0       0       0       0       0       0       0       0       0       0       0
      Totals:         0       5       0       0       0       0       0       0       0       0       0       0       0       0
Total ram usage:        5 bytes
 Hardware stack levels used:    1
 Hardware stack levels required when called:    5
 This function calls:
		Nothing
 This function is called by:
		_txstring
 This function uses a non-reentrant model


 *************** function _serialWaitForReady *****************
 Defined at:
		line 648 in file "main.c"
 Parameters:    Size  Location     Type
		None
 Auto vars:     Size  Location     Type
		None
 Return value:  Size  Location     Type
                  1    wreg      void 
 Registers used:
		None
 Tracked objects:
		On entry : 
		On exit  : 
		Unchanged: 
 Data sizes:     COMMON   BANK0   BANK1   BANK2   BANK3   BANK4   BANK5   BANK6   BANK7   BANK8   BANK9  BANK10  BANK11  BANK12
      Params:         0       0       0       0       0       0       0       0       0       0       0       0       0       0
      Locals:         0       0       0       0       0       0       0       0       0       0       0       0       0       0
      Temps:          0       0       0       0       0       0       0       0       0       0       0       0       0       0
      Totals:         0       0       0       0       0       0       0       0       0       0       0       0       0       0
Total ram usage:        0 bytes
 Hardware stack levels used:    1
 Hardware stack levels required when called:    5
 This function calls:
		Nothing
 This function is called by:
		_txstring
 This function uses a non-reentrant model


 *************** function _ISR *****************
 Defined at:
		line 419 in file "main.c"
 Parameters:    Size  Location     Type
		None
 Auto vars:     Size  Location     Type
		None
 Return value:  Size  Location     Type
                  1    wreg      void 
 Registers used:
		wreg, fsr0l, fsr0h, fsr1l, fsr1h, status,2, status,0, pclath, cstack
 Tracked objects:
		On entry : 
		On exit  : 
		Unchanged: 
 Data sizes:     COMMON   BANK0   BANK1   BANK2   BANK3   BANK4   BANK5   BANK6   BANK7   BANK8   BANK9  BANK10  BANK11  BANK12
      Params:         0       0       0       0       0       0       0       0       0       0       0       0       0       0
      Locals:         0       0       0       0       0       0       0       0       0       0       0       0       0       0
      Temps:          0       0       0       0       0       0       0       0       0       0       0       0       0       0
      Totals:         0       0       0       0       0       0       0       0       0       0       0       0       0       0
Total ram usage:        0 bytes
 Hardware stack levels used:    1
 Hardware stack levels required when called:    4
 This function calls:
		_menu
 This function is called by:
		Interrupt level 1
 This function uses a non-reentrant model


 *************** function _menu *****************
 Defined at:
		line 258 in file "main.c"
 Parameters:    Size  Location     Type
		None
 Auto vars:     Size  Location     Type
  step            1   13[COMMON] unsigned char 
 Return value:  Size  Location     Type
                  1    wreg      void 
 Registers used:
		wreg, fsr0l, fsr0h, fsr1l, fsr1h, status,2, status,0, pclath, cstack
 Tracked objects:
		On entry : 
		On exit  : 
		Unchanged: 
 Data sizes:     COMMON   BANK0   BANK1   BANK2   BANK3   BANK4   BANK5   BANK6   BANK7   BANK8   BANK9  BANK10  BANK11  BANK12
      Params:         0       0       0       0       0       0       0       0       0       0       0       0       0       0
      Locals:         1       0       0       0       0       0       0       0       0       0       0       0       0       0
      Temps:          1       0       0       0       0       0       0       0       0       0       0       0       0       0
      Totals:         2       0       0       0       0       0       0       0       0       0       0       0       0       0
Total ram usage:        2 bytes
 Hardware stack levels used:    1
 Hardware stack levels required when called:    3
 This function calls:
		_gototrack
		_inctrack
		_seektrk00
		_setMS
		_txnum
		i1_txstring
 This function is called by:
		_ISR
 This function uses a non-reentrant model


 *************** function _txnum *****************
 Defined at:
		line 626 in file "main.c"
 Parameters:    Size  Location     Type
  n               1    wreg     unsigned char 
 Auto vars:     Size  Location     Type
  n               1    9[COMMON] unsigned char 
 Return value:  Size  Location     Type
                  1    wreg      void 
 Registers used:
		wreg, fsr0l, fsr0h, fsr1l, fsr1h, status,2, status,0, pclath, cstack
 Tracked objects:
		On entry : 
		On exit  : 
		Unchanged: 
 Data sizes:     COMMON   BANK0   BANK1   BANK2   BANK3   BANK4   BANK5   BANK6   BANK7   BANK8   BANK9  BANK10  BANK11  BANK12
      Params:         0       0       0       0       0       0       0       0       0       0       0       0       0       0
      Locals:         1       0       0       0       0       0       0       0       0       0       0       0       0       0
      Temps:          0       0       0       0       0       0       0       0       0       0       0       0       0       0
      Totals:         1       0       0       0       0       0       0       0       0       0       0       0       0       0
Total ram usage:        1 bytes
 Hardware stack levels used:    1
 Hardware stack levels required when called:    2
 This function calls:
		_numtostr
		i1_txstring
 This function is called by:
		_menu
 This function uses a non-reentrant model


 *************** function i1_txstring *****************
 Defined at:
		line 634 in file "main.c"
 Parameters:    Size  Location     Type
  data            2    5[COMMON] PTR const unsigned char 
		 -> buf(10), STR_5(2), STR_4(3), STR_3(29), 
		 -> STR_2(17), STR_1(17), 
 Auto vars:     Size  Location     Type
  txstring        2    7[COMMON] int 
 Return value:  Size  Location     Type
                  1    wreg      void 
 Registers used:
		wreg, fsr0l, fsr0h, status,2, status,0, pclath, cstack
 Tracked objects:
		On entry : 
		On exit  : 
		Unchanged: 
 Data sizes:     COMMON   BANK0   BANK1   BANK2   BANK3   BANK4   BANK5   BANK6   BANK7   BANK8   BANK9  BANK10  BANK11  BANK12
      Params:         2       0       0       0       0       0       0       0       0       0       0       0       0       0
      Locals:         2       0       0       0       0       0       0       0       0       0       0       0       0       0
      Temps:          0       0       0       0       0       0       0       0       0       0       0       0       0       0
      Totals:         4       0       0       0       0       0       0       0       0       0       0       0       0       0
Total ram usage:        4 bytes
 Hardware stack levels used:    1
 Hardware stack levels required when called:    1
 This function calls:
		i1_serialWaitForReady
		i1_strlen
 This function is called by:
		_menu
		_txnum
 This function uses a non-reentrant model


 *************** function i1_strlen *****************
 Defined at:
		line 4 in file "C:\Program Files (x86)\Microchip\xc8\v1.40\sources\common\strlen.c"
 Parameters:    Size  Location     Type
  s               2    0[COMMON] PTR const unsigned char 
		 -> buf(10), STR_5(2), STR_4(3), STR_3(29), 
		 -> STR_2(17), STR_1(17), 
 Auto vars:     Size  Location     Type
  strlen          2    3[COMMON] PTR const unsigned char 
		 -> buf(10), STR_5(2), STR_4(3), STR_3(29), 
		 -> STR_2(17), STR_1(17), 
 Return value:  Size  Location     Type
                  2    0[COMMON] unsigned int 
 Registers used:
		wreg, fsr0l, fsr0h, status,2, status,0
 Tracked objects:
		On entry : 
		On exit  : 
		Unchanged: 
 Data sizes:     COMMON   BANK0   BANK1   BANK2   BANK3   BANK4   BANK5   BANK6   BANK7   BANK8   BANK9  BANK10  BANK11  BANK12
      Params:         2       0       0       0       0       0       0       0       0       0       0       0       0       0
      Locals:         2       0       0       0       0       0       0       0       0       0       0       0       0       0
      Temps:          1       0       0       0       0       0       0       0       0       0       0       0       0       0
      Totals:         5       0       0       0       0       0       0       0       0       0       0       0       0       0
Total ram usage:        5 bytes
 Hardware stack levels used:    1
 This function calls:
		Nothing
 This function is called by:
		i1_txstring
 This function uses a non-reentrant model


 *************** function i1_serialWaitForReady *****************
 Defined at:
		line 648 in file "main.c"
 Parameters:    Size  Location     Type
		None
 Auto vars:     Size  Location     Type
		None
 Return value:  Size  Location     Type
                  1    wreg      void 
 Registers used:
		None
 Tracked objects:
		On entry : 
		On exit  : 
		Unchanged: 
 Data sizes:     COMMON   BANK0   BANK1   BANK2   BANK3   BANK4   BANK5   BANK6   BANK7   BANK8   BANK9  BANK10  BANK11  BANK12
      Params:         0       0       0       0       0       0       0       0       0       0       0       0       0       0
      Locals:         0       0       0       0       0       0       0       0       0       0       0       0       0       0
      Temps:          0       0       0       0       0       0       0       0       0       0       0       0       0       0
      Totals:         0       0       0       0       0       0       0       0       0       0       0       0       0       0
Total ram usage:        0 bytes
 Hardware stack levels used:    1
 This function calls:
		Nothing
 This function is called by:
		i1_txstring
 This function uses a non-reentrant model


 *************** function _numtostr *****************
 Defined at:
		line 595 in file "main.c"
 Parameters:    Size  Location     Type
  b               1    wreg     PTR unsigned char 
		 -> buf(10), 
  n               1    6[COMMON] unsigned char 
 Auto vars:     Size  Location     Type
  b               1    7[COMMON] PTR unsigned char 
		 -> buf(10), 
 Return value:  Size  Location     Type
                  1    wreg      void 
 Registers used:
		wreg, fsr1l, fsr1h, status,2, status,0, pclath, cstack
 Tracked objects:
		On entry : 
		On exit  : 
		Unchanged: 
 Data sizes:     COMMON   BANK0   BANK1   BANK2   BANK3   BANK4   BANK5   BANK6   BANK7   BANK8   BANK9  BANK10  BANK11  BANK12
      Params:         1       0       0       0       0       0       0       0       0       0       0       0       0       0
      Locals:         1       0       0       0       0       0       0       0       0       0       0       0       0       0
      Temps:          0       0       0       0       0       0       0       0       0       0       0       0       0       0
      Totals:         2       0       0       0       0       0       0       0       0       0       0       0       0       0
Total ram usage:        2 bytes
 Hardware stack levels used:    1
 Hardware stack levels required when called:    1
 This function calls:
		___awmod
		___lbdiv
		___lbmod
 This function is called by:
		_txnum
 This function uses a non-reentrant model


 *************** function ___lbmod *****************
 Defined at:
		line 4 in file "C:\Program Files (x86)\Microchip\xc8\v1.40\sources\common\lbmod.c"
 Parameters:    Size  Location     Type
  dividend        1    wreg     unsigned char 
  divisor         1    0[COMMON] unsigned char 
 Auto vars:     Size  Location     Type
  dividend        1    2[COMMON] unsigned char 
  rem             1    4[COMMON] unsigned char 
  counter         1    3[COMMON] unsigned char 
 Return value:  Size  Location     Type
                  1    wreg      unsigned char 
 Registers used:
		wreg, status,2, status,0
 Tracked objects:
		On entry : 
		On exit  : 
		Unchanged: 
 Data sizes:     COMMON   BANK0   BANK1   BANK2   BANK3   BANK4   BANK5   BANK6   BANK7   BANK8   BANK9  BANK10  BANK11  BANK12
      Params:         1       0       0       0       0       0       0       0       0       0       0       0       0       0
      Locals:         3       0       0       0       0       0       0       0       0       0       0       0       0       0
      Temps:          1       0       0       0       0       0       0       0       0       0       0       0       0       0
      Totals:         5       0       0       0       0       0       0       0       0       0       0       0       0       0
Total ram usage:        5 bytes
 Hardware stack levels used:    1
 This function calls:
		Nothing
 This function is called by:
		_numtostr
 This function uses a non-reentrant model


 *************** function ___lbdiv *****************
 Defined at:
		line 4 in file "C:\Program Files (x86)\Microchip\xc8\v1.40\sources\common\lbdiv.c"
 Parameters:    Size  Location     Type
  dividend        1    wreg     unsigned char 
  divisor         1    0[COMMON] unsigned char 
 Auto vars:     Size  Location     Type
  dividend        1    1[COMMON] unsigned char 
  quotient        1    3[COMMON] unsigned char 
  counter         1    2[COMMON] unsigned char 
 Return value:  Size  Location     Type
                  1    wreg      unsigned char 
 Registers used:
		wreg, status,2, status,0
 Tracked objects:
		On entry : 
		On exit  : 
		Unchanged: 
 Data sizes:     COMMON   BANK0   BANK1   BANK2   BANK3   BANK4   BANK5   BANK6   BANK7   BANK8   BANK9  BANK10  BANK11  BANK12
      Params:         1       0       0       0       0       0       0       0       0       0       0       0       0       0
      Locals:         3       0       0       0       0       0       0       0       0       0       0       0       0       0
      Temps:          0       0       0       0       0       0       0       0       0       0       0       0       0       0
      Totals:         4       0       0       0       0       0       0       0       0       0       0       0       0       0
Total ram usage:        4 bytes
 Hardware stack levels used:    1
 This function calls:
		Nothing
 This function is called by:
		_numtostr
 This function uses a non-reentrant model


 *************** function ___awmod *****************
 Defined at:
		line 6 in file "C:\Program Files (x86)\Microchip\xc8\v1.40\sources\common\awmod.c"
 Parameters:    Size  Location     Type
  divisor         2    0[COMMON] int 
  dividend        2    2[COMMON] int 
 Auto vars:     Size  Location     Type
  sign            1    5[COMMON] unsigned char 
  counter         1    4[COMMON] unsigned char 
 Return value:  Size  Location     Type
                  2    0[COMMON] int 
 Registers used:
		wreg, status,2, status,0
 Tracked objects:
		On entry : 
		On exit  : 
		Unchanged: 
 Data sizes:     COMMON   BANK0   BANK1   BANK2   BANK3   BANK4   BANK5   BANK6   BANK7   BANK8   BANK9  BANK10  BANK11  BANK12
      Params:         4       0       0       0       0       0       0       0       0       0       0       0       0       0
      Locals:         2       0       0       0       0       0       0       0       0       0       0       0       0       0
      Temps:          0       0       0       0       0       0       0       0       0       0       0       0       0       0
      Totals:         6       0       0       0       0       0       0       0       0       0       0       0       0       0
Total ram usage:        6 bytes
 Hardware stack levels used:    1
 This function calls:
		Nothing
 This function is called by:
		_numtostr
 This function uses a non-reentrant model


 *************** function _inctrack *****************
 Defined at:
		line 582 in file "main.c"
 Parameters:    Size  Location     Type
		None
 Auto vars:     Size  Location     Type
		None
 Return value:  Size  Location     Type
                  1    wreg      void 
 Registers used:
		wreg
 Tracked objects:
		On entry : 
		On exit  : 
		Unchanged: 
 Data sizes:     COMMON   BANK0   BANK1   BANK2   BANK3   BANK4   BANK5   BANK6   BANK7   BANK8   BANK9  BANK10  BANK11  BANK12
      Params:         0       0       0       0       0       0       0       0       0       0       0       0       0       0
      Locals:         0       0       0       0       0       0       0       0       0       0       0       0       0       0
      Temps:          1       0       0       0       0       0       0       0       0       0       0       0       0       0
      Totals:         1       0       0       0       0       0       0       0       0       0       0       0       0       0
Total ram usage:        1 bytes
 Hardware stack levels used:    1
 This function calls:
		Nothing
 This function is called by:
		_menu
 This function uses a non-reentrant model


 *************** function _gototrack *****************
 Defined at:
		line 548 in file "main.c"
 Parameters:    Size  Location     Type
  t               1    wreg     unsigned char 
 Auto vars:     Size  Location     Type
  t               1    7[COMMON] unsigned char 
  cnt             2   10[COMMON] unsigned int 
  number_of_st    2    8[COMMON] unsigned int 
  j               1    0        unsigned char 
  i               1    0        unsigned char 
 Return value:  Size  Location     Type
                  1    wreg      void 
 Registers used:
		wreg, fsr0l, fsr0h, status,2, status,0, pclath, cstack
 Tracked objects:
		On entry : 
		On exit  : 
		Unchanged: 
 Data sizes:     COMMON   BANK0   BANK1   BANK2   BANK3   BANK4   BANK5   BANK6   BANK7   BANK8   BANK9  BANK10  BANK11  BANK12
      Params:         0       0       0       0       0       0       0       0       0       0       0       0       0       0
      Locals:         5       0       0       0       0       0       0       0       0       0       0       0       0       0
      Temps:          1       0       0       0       0       0       0       0       0       0       0       0       0       0
      Totals:         6       0       0       0       0       0       0       0       0       0       0       0       0       0
Total ram usage:        6 bytes
 Hardware stack levels used:    1
 Hardware stack levels required when called:    2
 This function calls:
		_seektrk00
		_setMS
 This function is called by:
		_menu
 This function uses a non-reentrant model


 *************** function _seektrk00 *****************
 Defined at:
		line 494 in file "main.c"
 Parameters:    Size  Location     Type
		None
 Auto vars:     Size  Location     Type
  i               2    4[COMMON] int 
  j               2    0        int 
 Return value:  Size  Location     Type
                  1    wreg      void 
 Registers used:
		wreg, fsr0l, fsr0h, status,2, status,0, pclath, cstack
 Tracked objects:
		On entry : 
		On exit  : 
		Unchanged: 
 Data sizes:     COMMON   BANK0   BANK1   BANK2   BANK3   BANK4   BANK5   BANK6   BANK7   BANK8   BANK9  BANK10  BANK11  BANK12
      Params:         0       0       0       0       0       0       0       0       0       0       0       0       0       0
      Locals:         2       0       0       0       0       0       0       0       0       0       0       0       0       0
      Temps:          2       0       0       0       0       0       0       0       0       0       0       0       0       0
      Totals:         4       0       0       0       0       0       0       0       0       0       0       0       0       0
Total ram usage:        4 bytes
 Hardware stack levels used:    1
 Hardware stack levels required when called:    1
 This function calls:
		_setMS
 This function is called by:
		_menu
		_gototrack
 This function uses a non-reentrant model


 *************** function _setMS *****************
 Defined at:
		line 387 in file "main.c"
 Parameters:    Size  Location     Type
		None
 Auto vars:     Size  Location     Type
  ms              1    1[COMMON] unsigned char 
 Return value:  Size  Location     Type
                  1    wreg      void 
 Registers used:
		wreg, fsr0l, fsr0h, status,2, status,0
 Tracked objects:
		On entry : 
		On exit  : 
		Unchanged: 
 Data sizes:     COMMON   BANK0   BANK1   BANK2   BANK3   BANK4   BANK5   BANK6   BANK7   BANK8   BANK9  BANK10  BANK11  BANK12
      Params:         0       0       0       0       0       0       0       0       0       0       0       0       0       0
      Locals:         1       0       0       0       0       0       0       0       0       0       0       0       0       0
      Temps:          1       0       0       0       0       0       0       0       0       0       0       0       0       0
      Totals:         2       0       0       0       0       0       0       0       0       0       0       0       0       0
Total ram usage:        2 bytes
 Hardware stack levels used:    1
 This function calls:
		Nothing
 This function is called by:
		_menu
		_seektrk00
		_gototrack
 This function uses a non-reentrant model



MODULE INFORMATION

Module		Function		Class		Link	Load	Size
C:\Program Files (x86)\Microchip\xc8\v1.40\sources\common\lbdiv.c
		___lbdiv       		CODE           	01E0	0000	25

C:\Program Files (x86)\Microchip\xc8\v1.40\sources\common\lbdiv.c estimated size: 25

C:\Program Files (x86)\Microchip\xc8\v1.40\sources\common\awmod.c
		___awmod       		CODE           	0210	0000	58

C:\Program Files (x86)\Microchip\xc8\v1.40\sources\common\awmod.c estimated size: 58

shared
		i1_txstring    		CODE           	016D	0000	32
		__initialization		CODE           	0030	0000	23
		i1_serialWaitForReady		CODE           	0249	0000	4
		i1_strlen      		CODE           	024C	0000	23

shared estimated size: 82

main.c
		_ISR           		CODE           	0004	0000	43
		_menu          		CODE           	00EE	0000	128
		_txstring      		CODE           	00B5	0000	33
		_main          		CODE           	0049	0000	109
		_setMS         		CODE           	030D	0000	60
		_txnum         		CODE           	018C	0000	12
		_seektrk00     		CODE           	0293	0000	123
		_serialWaitForReady		CODE           	00D5	0000	4
		_inctrack      		CODE           	0197	0000	19
		_numtostr      		CODE           	01A9	0000	56
		_gototrack     		CODE           	0262	0000	50

main.c estimated size: 637

C:\Program Files (x86)\Microchip\xc8\v1.40\sources\common\lbmod.c
		___lbmod       		CODE           	01F8	0000	25

C:\Program Files (x86)\Microchip\xc8\v1.40\sources\common\lbmod.c estimated size: 25

C:\Program Files (x86)\Microchip\xc8\v1.40\sources\common\strlen.c
		_strlen        		CODE           	00D8	0000	23

C:\Program Files (x86)\Microchip\xc8\v1.40\sources\common\strlen.c estimated size: 23

